
╔═══════════════════════════════════════════╗
║             dwm-titus Installer           ║
╚═══════════════════════════════════════════╝

[0;36m[INFO][0m Distribution: Fedora Linux 44 (Server Edition)
[0;36m[INFO][0m Family: fedora
[0;36m[INFO][0m Package manager: sudo dnf install -y
[0;36m[INFO][0m Install profile: core

Installation summary:
  Distribution: Fedora Linux 44 (Server Edition)
  Family: fedora
  Package manager: sudo dnf install -y
  Profile: core
  Mode: non-interactive
  Required packages: gcc make pkgconf-pkg-config libX11-devel libXft-devel libXinerama-devel libXrender-devel imlib2-devel libxcb-devel xcb-util-devel freetype-devel fontconfig-devel xorg-x11-server-Xorg xorg-x11-xinit xrandr xset xsetroot xinput setxkbmap xkbset dbus-x11 curl git procps-ng psmisc unzip util-linux xclip xdotool xprop xdg-utils
  Recommended packages: skipped
  Optional extras: skipped
  Terminal candidates: alacritty kitty
  Herdr workspace: skipped (optional; use --install-herdr to enable)

Preserving existing /home/p7tester/baseline/config.h
[0;36m[INFO][0m Installing required build and runtime dependencies...
Updating and loading repositories:
Repositories loaded.
Package "gcc-16.2.1-2.fc44.x86_64" is already installed.
Package "make-1:4.4.1-12.fc44.x86_64" is already installed.
Package "pkgconf-pkg-config-2.5.1-1.fc44.x86_64" is already installed.
Package "libX11-devel-1.8.13-1.fc44.x86_64" is already installed.
Package "libXft-devel-2.3.8-10.fc44.x86_64" is already installed.
Package "libXinerama-devel-1.1.5-10.fc44.x86_64" is already installed.
Package "libXrender-devel-0.9.12-4.fc44.x86_64" is already installed.
Package "imlib2-devel-1.12.5-2.fc44.x86_64" is already installed.
Package "libxcb-devel-1.17.0-7.fc44.x86_64" is already installed.
Package "xcb-util-devel-0.4.1-9.fc44.x86_64" is already installed.
Package "freetype-devel-2.14.3-1.fc44.x86_64" is already installed.
Package "fontconfig-devel-2.17.0-4.fc44.x86_64" is already installed.

Nothing to do.
Updating and loading repositories:
Repositories loaded.
Package "xorg-x11-server-Xorg-21.1.24-1.fc44.x86_64" is already installed.
Package "xorg-x11-xinit-1.4.3-4.fc44.x86_64" is already installed.
Package "xrandr-1.5.3-4.fc44.x86_64" is already installed.
Package "xset-1.2.5-9.fc44.x86_64" is already installed.
Package "xsetroot-1.1.3-4.fc44.x86_64" is already installed.
Package "xinput-1.6.4-6.fc44.x86_64" is already installed.
Package "setxkbmap-1.3.4-7.fc44.x86_64" is already installed.
Package "xkbset-0.5-31.fc44.x86_64" is already installed.

Nothing to do.
Updating and loading repositories:
Repositories loaded.
Package "dbus-x11-1:1.16.2-1.fc44.x86_64" is already installed.
Package "curl-8.18.0-9.fc44.x86_64" is already installed.
Package "git-2.55.0-1.fc44.x86_64" is already installed.
Package "procps-ng-4.0.6-1.fc44.x86_64" is already installed.
Package "psmisc-23.7-7.fc44.x86_64" is already installed.
Package "unzip-6.0-69.fc44.x86_64" is already installed.
Package "util-linux-2.41.5-1.fc44.x86_64" is already installed.
Package "xclip-0.13-26.git11cba61.fc44.x86_64" is already installed.
Package "xdotool-1:3.20211022.1-10.fc44.x86_64" is already installed.
Package "xprop-1.2.8-5.fc44.x86_64" is already installed.
Package "xdg-utils-1.2.1-5.fc44.noarch" is already installed.

Nothing to do.
[0;32m[OK][0m Required build and runtime dependencies installed.
[1;33m[WARN][0m Skipping recommended desktop dependencies for core profile.
[1;33m[WARN][0m Skipping optional desktop extras for core profile.
[0;32m[OK][0m Preferred terminal already installed: alacritty
[1;33m[WARN][0m No display manager found; skipping display-manager installation for core profile.
make[1]: Entering directory '/home/p7tester/baseline'
==> Installing Capitaine cursor themes...
make[1]: Leaving directory '/home/p7tester/baseline'

==> Installing system files...
==> Installing scripts to PATH...
==> Installing privileged helpers...
==> Installing user files for p7tester...
  Preserving existing /home/p7tester/.xinitrc
==> Syncing local repo to data dir...
==> Seeding application config without overwriting user files...
==> Seeding dwm-scoped XDG autostart overrides...
==> Replacing managed Quickshell config...
==> Seeding user config (skipping existing files)...
==> Migrating legacy graphical-session startup...
==> Installing Meslo font aliases...
  Preserving existing Meslo font alias file.
==> Fixing executable permissions...

  dwm installed successfully.
  Log out and select 'dwm', or start with: startx

[1;33m[WARN][0m Display setup deferred for non-interactive installation.
[1;33m[WARN][0m Run dwm-display-setup from an X11 session after login.

╔═══════════════════════════════════════════╗
║          Installation Complete!           ║
╚═══════════════════════════════════════════╝

[0;36m[INFO][0m Detected: Fedora Linux 44 (Server Edition)
  • Build configuration: /home/p7tester/baseline/config.h
  • Reconfigure by removing config.h and running the installer again
  • Display setup: dwm-display-setup
  • Log out and select 'dwm', or start with: startx

  SUPER+/   keybind viewer     SUPER+X  terminal
  SUPER+F1  control center     SUPER+R  app launcher
  SUPER+Q   close window

  Full reference: https://dwm.christitus.com/keybinds.html or SUPER+/ in dwm
