# /run/user/1000/systemd/generator.late/app-picom@autostart.service
# Automatically generated by systemd-xdg-autostart-generator

[Unit]
Documentation=man:systemd-xdg-autostart-generator(8)
SourcePath=/etc/xdg/autostart/picom.desktop
PartOf=graphical-session.target

Description=picom
After=graphical-session.target

[Service]
Type=exec
ExitType=cgroup
ExecStart=:/usr/bin/picom
Restart=no
TimeoutStopSec=5s
Slice=app.slice

# /usr/lib/systemd/user/service.d/10-timeout-abort.conf
# This file is part of the systemd package.
# See https://fedoraproject.org/wiki/Changes/Shorter_Shutdown_Timer.
#
# To facilitate debugging when a service fails to stop cleanly,
# TimeoutStopFailureMode=abort is set to "crash" services that fail to stop in
# the time allotted. This will cause the service to be terminated with SIGABRT
# and a coredump to be generated.
#
# To undo this configuration change, create a mask file:
#   sudo mkdir -p /etc/systemd/user/service.d
#   sudo ln -sv /dev/null /etc/systemd/user/service.d/10-timeout-abort.conf

[Service]
TimeoutStopFailureMode=abort
