xorriso 1.5.8.pl02 : RockRidge filesystem manipulator, libburnia project.

xorriso : NOTE : ISO image bears MBR with  -boot_image any partition_offset=16
xorriso : NOTE : Loading ISO image tree from LBA 0
xorriso : UPDATE :     329 nodes read in 1 seconds
libisofs: NOTE : Found hidden El-Torito image for EFI.
libisofs: NOTE : EFI image start and load size: 593011 * 2048 , 26480 * 512
libisofs: NOTE : Roughly estimated EFI image size: 13557760 bytes
xorriso : NOTE : Detected El-Torito boot information which currently is set to be discarded
Drive current: -indev '/home/titus/tmp/dwm-p7-20260910/media/Fedora-Server-netinst-x86_64-44-1.7.iso'
Media current: stdio file, overwriteable
Media status : is written , is appendable
Boot record  : El Torito , MBR protective-msdos-label grub2-mbr cyl-align-off GPT
Media summary: 1 session, 599797 data blocks, 1171m data,  566g free
Volume id    : 'Fedora-S-dvd-x86_64-44'
Drive current: -outdev '/home/titus/tmp/dwm-p7-finish/.dwm-titus-nvidia-ui6.iso.tmp.B25dy0'
Media current: stdio file, overwriteable
Media status : is blank
Media summary: 0 sessions, 0 data blocks, 0 data,  566g free
xorriso : WARNING : -volid text does not comply to ISO 9660 / ECMA 119 rules
xorriso : NOTE : Replayed 20 boot related commands
xorriso : UPDATE :       1 files added in 1 seconds
Added to ISO image: file '/dwm-fedora.ks'='/home/titus/tmp/dwm-p7-finish/staging/source/dwm-fedora-nvidia.ks'
xorriso : UPDATE :       1 files added in 1 seconds
Added to ISO image: file '/EFI/BOOT/grub.cfg'='/home/titus/tmp/dwm-p7-finish/staging/tmp.4IzYjvykf4/_EFI_BOOT_grub.cfg.patched'
xorriso : UPDATE :       1 files added in 1 seconds
Added to ISO image: file '/boot/grub2/grub.cfg'='/home/titus/tmp/dwm-p7-finish/staging/tmp.4IzYjvykf4/_boot_grub2_grub.cfg.patched'
xorriso : UPDATE :     799 files added in 1 seconds
Added to ISO image: directory '/dwm-titus'='/home/titus/tmp/dwm-p7-finish/staging/tmp.4IzYjvykf4/dwm-titus'
xorriso : UPDATE :       1 files added in 1 seconds
Added to ISO image: file '/images/product.img'='/home/titus/tmp/dwm-p7-finish/staging/tmp.4IzYjvykf4/product.img'
xorriso : NOTE : Copying to System Area: 32768 bytes from file '--interval:imported_iso:0s-15s:zero_mbrpt,zero_gpt:/home/titus/tmp/dwm-p7-20260910/media/Fedora-Server-netinst-x86_64-44-1.7.iso'
xorriso : UPDATE : Writing:      40960s    6.7%   fifo 100%  buf  50%
xorriso : UPDATE : Writing:     155648s   25.4%   fifo 100%  buf  50%  564.8xD
xorriso : UPDATE : Writing:     409600s   66.9%   fifo  13%  buf  50%  374.9xD
xorriso : UPDATE : Writing:     575343s   94.0%   fifo   0%  buf  50%  244.9xD
ISO image produced: 611675 sectors
Written to medium : 611856 sectors at LBA 48
Writing to '/home/titus/tmp/dwm-p7-finish/.dwm-titus-nvidia-ui6.iso.tmp.B25dy0' completed successfully.

Inserting md5sum into iso image...
md5 = 8a600018c83f02ceb26bb1fdcfd9d07e
Inserting fragment md5sums into iso image...
fragmd5 = 183d8c1ce677e76b9e81dce21d2db64ab42317a2ff5b2bdecdaadab2bd59
frags = 20
Setting supported flag to 1

The media check is complete, the result is: PASS.

It is OK to use this media.
Press [Esc] to abort check.
Created /home/titus/tmp/dwm-p7-finish/dwm-titus-nvidia-ui6.iso (nvidia)
