==> Checking live install against /home/p7tester/dwm-titus-restored.NECaxi
All managed files match the checkout.
Quickshell IPC ready; tray items: 0.
Running dwm matches the installed binary.
  UNIT LOAD ACTIVE SUB DESCRIPTION

0 loaded units listed.
# /run/user/1000/systemd/generator.late/app-picom@autostart.service
# Automatically generated by systemd-xdg-autostart-generator

[Unit]
Documentation=man:systemd-xdg-autostart-generator(8)
SourcePath=/home/p7tester/.config/autostart/picom.desktop
PartOf=graphical-session.target

Description=picom
After=graphical-session.target

[Service]
Type=exec
ExitType=cgroup
ExecStart=:/usr/bin/picom
Restart=no
TimeoutStopSec=5s
Slice=app.slice
ExecCondition=/usr/lib/systemd/systemd-xdg-autostart-condition "" "X-DWM"

# /usr/lib/systemd/user/service.d/10-timeout-abort.conf
# This file is part of the systemd package.
# See https://fedoraproject.org/wiki/Changes/Shorter_Shutdown_Timer.
#
Enforcing
