
╔═══════════════════════════════════════════╗
║             dwm-titus Installer           ║
╚═══════════════════════════════════════════╝

[0;36m[INFO][0m Distribution: Fedora Linux 44 (Forty Four)
[0;36m[INFO][0m Family: fedora
[0;36m[INFO][0m Package manager: sudo dnf install -y
[0;36m[INFO][0m Install profile: recommended

Installation summary:
  Distribution: Fedora Linux 44 (Forty Four)
  Family: fedora
  Package manager: sudo dnf install -y
  Profile: recommended
  Mode: non-interactive
  Required packages: gcc make pkgconf-pkg-config libX11-devel libXft-devel libXinerama-devel libXrender-devel imlib2-devel libxcb-devel xcb-util-devel freetype-devel fontconfig-devel xorg-x11-server-Xorg xorg-x11-xinit xrandr xset xsetroot xinput setxkbmap xkbset dbus-x11 curl git procps-ng psmisc unzip util-linux xclip xdotool xprop xdg-utils
  Recommended packages: quickshell picom feh dex-autostart mate-polkit xsettingsd alsa-utils brightnessctl dbus-tools inotify-tools jq pulseaudio-utils pipewire pavucontrol pipewire-pulseaudio wireplumber libnotify light-locker xorg-x11-drv-libinput bluez blueman playerctl upower power-profiles-daemon flatpak xdg-desktop-portal-gtk PackageKit PackageKit-glib python3-gobject python3-rpm accountsservice cups system-config-printer maim dconf arc-theme adw-gtk3-theme numix-gtk-theme yaru-gtk3-theme yaru-gtk4-theme deepin-gtk-theme bluebird-gtk3-theme google-noto-color-emoji-fonts google-noto-sans-mono-fonts
  Gear Lever: user-scoped Flathub install (it.mijorus.gearlever)
  Optional extras: skipped
  Terminal candidates: alacritty kitty
  Herdr workspace: skipped (optional; use --install-herdr to enable)


Configure the local dwm build. Press Enter to accept each default.

Created /home/p7tester/.local/share/dwm-titus/config.h
[0;36m[INFO][0m Installing required build and runtime dependencies...
Updating and loading repositories:
 rpmfusion-nonfree-updates              100% |  15.8 KiB/s |  42.9 KiB |  00m03s
 rpmfusion-nonfree-tainted              100% |   4.0 KiB/s |  10.5 KiB |  00m03s
 Fedora 44 - x86_64 - Updates           100% |   3.6 MiB/s |  11.4 MiB |  00m03s
 rpmfusion-nonfree                      100% |  39.1 KiB/s |  96.9 KiB |  00m02s
 rpmfusion-free-tainted                 100% |   3.7 KiB/s |   7.9 KiB |  00m02s
 rpmfusion-free-updates                 100% |  30.8 KiB/s |  74.1 KiB |  00m02s
 mwt-packages                           100% |   4.2 KiB/s |   6.0 KiB |  00m01s
 rpmfusion-free                         100% |  67.9 KiB/s | 151.7 KiB |  00m02s
 fedora-cisco-openh264                  100% |   2.5 KiB/s |   5.3 KiB |  00m02s
 christitustech-copr-fedora             100% |   4.8 KiB/s |   8.4 KiB |  00m02s
 brave-browser                          100% |  29.0 KiB/s |  65.4 KiB |  00m02s
 Fedora 44 - x86_64                     100% |   8.7 MiB/s |  36.4 MiB |  00m04s
Repositories loaded.
Package "gcc-16.0.1-0.10.fc44.x86_64" is already installed.
Package "make-1:4.4.1-12.fc44.x86_64" is already installed.
Package "pkgconf-pkg-config-2.5.1-1.fc44.x86_64" is already installed.
Package "libX11-devel-1.8.13-1.fc44.x86_64" is already installed.
Package "libXft-devel-2.3.8-10.fc44.x86_64" is already installed.
Package "libXinerama-devel-1.1.5-10.fc44.x86_64" is already installed.
Package "libXrender-devel-0.9.12-4.fc44.x86_64" is already installed.
Package "imlib2-devel-1.12.5-2.fc44.x86_64" is already installed.
Package "libxcb-devel-1.17.0-7.fc44.x86_64" is already installed.
Package "xcb-util-devel-0.4.1-9.fc44.x86_64" is already installed.
Package "freetype-devel-2.14.1-2.fc44.x86_64" is already installed.
Package "fontconfig-devel-2.17.0-4.fc44.x86_64" is already installed.

Nothing to do.
Updating and loading repositories:
Repositories loaded.
Package "xorg-x11-server-Xorg-21.1.21-2.fc44.x86_64" is already installed.
Package "xorg-x11-xinit-1.4.3-4.fc44.x86_64" is already installed.
Package "xrandr-1.5.3-4.fc44.x86_64" is already installed.
Package "xset-1.2.5-9.fc44.x86_64" is already installed.
Package "xsetroot-1.1.3-4.fc44.x86_64" is already installed.
Package "xinput-1.6.4-6.fc44.x86_64" is already installed.
Package "setxkbmap-1.3.4-7.fc44.x86_64" is already installed.
Package "xkbset-0.5-31.fc44.x86_64" is already installed.

Nothing to do.
Updating and loading repositories:
Repositories loaded.
Package "dbus-x11-1:1.16.2-1.fc44.x86_64" is already installed.
Package "curl-8.18.0-4.fc44.x86_64" is already installed.
Package "git-2.53.0-1.fc44.x86_64" is already installed.
Package "procps-ng-4.0.6-1.fc44.x86_64" is already installed.
Package "psmisc-23.7-7.fc44.x86_64" is already installed.
Package "unzip-6.0-69.fc44.x86_64" is already installed.
Package "util-linux-2.41.3-12.fc44.x86_64" is already installed.
Package "xclip-0.13-26.git11cba61.fc44.x86_64" is already installed.
Package "xdotool-1:3.20211022.1-10.fc44.x86_64" is already installed.
Package "xprop-1.2.8-5.fc44.x86_64" is already installed.
Package "xdg-utils-1.2.1-5.fc44.noarch" is already installed.

Nothing to do.
[0;32m[OK][0m Required build and runtime dependencies installed.
[0;36m[INFO][0m Installing recommended desktop dependencies...
Retaining installed Power Profiles provider (ppd-service); skipping power-profiles-daemon.
Updating and loading repositories:
Repositories loaded.
Package "quickshell-0.2.1^git20260209.dacfa9d-1.fc44.x86_64" is already installed.
Package "picom-13-1.fc44.x86_64" is already installed.
Package "feh-3.11.1-2.fc44.x86_64" is already installed.
Package "dex-autostart-0.10.1-5.fc44.noarch" is already installed.
Package "mate-polkit-1.28.1-8.fc44.x86_64" is already installed.
Package "xsettingsd-1.0.2-13.fc44.x86_64" is already installed.
Package "alsa-utils-1.2.15.2-3.fc44.x86_64" is already installed.
Package "brightnessctl-0.5.1-16.fc44.x86_64" is already installed.
Package "dbus-tools-1:1.16.2-1.fc44.x86_64" is already installed.
Package "inotify-tools-4.23.9.0-6.fc44.x86_64" is already installed.
Package "jq-1.8.1-2.fc44.x86_64" is already installed.
Package "pulseaudio-utils-17.0-9.fc44.x86_64" is already installed.
Package "pipewire-1.6.2-1.fc44.x86_64" is already installed.
Package "pipewire-1.6.2-1.fc44.i686" is already installed.
Package "pavucontrol-6.1-5.fc44.x86_64" is already installed.
Package "pipewire-pulseaudio-1.6.2-1.fc44.x86_64" is already installed.
Package "wireplumber-0.5.13-1.fc44.x86_64" is already installed.
Package "libnotify-0.8.8-1.fc44.x86_64" is already installed.
Package "light-locker-1.9.0-17.fc44.x86_64" is already installed.
Package "xorg-x11-drv-libinput-1.5.0-4.fc44.x86_64" is already installed.
Package "bluez-5.86-4.fc44.x86_64" is already installed.
Package "blueman-1:2.4.6-6.fc44.x86_64" is already installed.
Package "playerctl-2.4.1-12.fc44.x86_64" is already installed.
Package "upower-1.91.1-1.fc44.x86_64" is already installed.
Package "flatpak-1.17.6-1.fc44.x86_64" is already installed.
Package "xdg-desktop-portal-gtk-1.15.3-3.fc44.x86_64" is already installed.

Nothing to do.
Updating and loading repositories:
Repositories loaded.
Package "PackageKit-1.3.4-3.fc44.x86_64" is already installed.
Package "PackageKit-glib-1.3.4-3.fc44.x86_64" is already installed.
Package "python3-gobject-3.56.2-1.fc44.x86_64" is already installed.
Package "python3-rpm-6.0.1-2.fc44.x86_64" is already installed.
Package "accountsservice-23.13.9-16.fc44.x86_64" is already installed.
Package "cups-1:2.4.16-7.fc44.x86_64" is already installed.
Package "system-config-printer-1.5.18-17.fc44.x86_64" is already installed.

Nothing to do.
Updating and loading repositories:
Repositories loaded.
Package "maim-5.8.1-4.fc44.x86_64" is already installed.

Nothing to do.
Updating and loading repositories:
Repositories loaded.
Package "dconf-0.49.0-5.fc44.x86_64" is already installed.
Package "dconf-0.49.0-5.fc44.i686" is already installed.

Nothing to do.
Updating and loading repositories:
Repositories loaded.
Package "arc-theme-20221218-13.fc44.noarch" is already installed.

Nothing to do.
Updating and loading repositories:
Repositories loaded.
Package "adw-gtk3-theme-6.4-3.fc44.noarch" is already installed.

Nothing to do.
Updating and loading repositories:
Repositories loaded.
Package "numix-gtk-theme-2.6.7-18.fc44.noarch" is already installed.

Nothing to do.
Updating and loading repositories:
Repositories loaded.
Package "yaru-gtk3-theme-25.10.3-3.20251022git25.10.3.0ubuntu1.fc44.noarch" is already installed.

Nothing to do.
Updating and loading repositories:
Repositories loaded.
Package "yaru-gtk4-theme-25.10.3-3.20251022git25.10.3.0ubuntu1.fc44.noarch" is already installed.

Nothing to do.
Updating and loading repositories:
Repositories loaded.
Package "deepin-gtk-theme-23.11.23-6.fc44.noarch" is already installed.

Nothing to do.
Updating and loading repositories:
Repositories loaded.
Package "bluebird-gtk3-theme-1.3-19.fc44.noarch" is already installed.

Nothing to do.
[0;32m[OK][0m Nordic GTK theme installed system-wide.
Updating and loading repositories:
Repositories loaded.
Package "google-noto-color-emoji-fonts-20250623-4.fc44.noarch" is already installed.
Package "google-noto-sans-mono-fonts-20251201-2.fc44.noarch" is already installed.

Nothing to do.
[0;36m[INFO][0m Setting up Gear Lever for AppImage management...
Adding the user-scoped Flathub remote for Gear Lever...
Installing Gear Lever from Flathub for p7tester...
Installing runtime/it.mijorus.gearlever.Locale/x86_64/stable
Installing runtime/org.freedesktop.Platform.GL.default/x86_64/25.08
Installing runtime/org.freedesktop.Platform.GL.default/x86_64/25.08-extra
Installing runtime/org.freedesktop.Platform.codecs-extra/x86_64/25.08-extra
Installing runtime/org.gnome.Platform.Locale/x86_64/50
Installing runtime/org.gnome.Platform/x86_64/50
Installing app/it.mijorus.gearlever/x86_64/stable
dbus-daemon[72319]: [session uid=1000 pid=72319 pidfd=5] Reloaded configuration
bwrap: No permissions to creating new namespace, likely because the kernel does not allow non-privileged user namespaces. On e.g. debian this can be enabled with 'sysctl kernel.unprivileged_userns_clone=1'.
bwrap: No permissions to creating new namespace, likely because the kernel does not allow non-privileged user namespaces. On e.g. debian this can be enabled with 'sysctl kernel.unprivileged_userns_clone=1'.
bwrap: No permissions to creating new namespace, likely because the kernel does not allow non-privileged user namespaces. On e.g. debian this can be enabled with 'sysctl kernel.unprivileged_userns_clone=1'.
Gear Lever is ready.
[0;32m[OK][0m Gear Lever is installed.
[0;32m[OK][0m Recommended desktop dependencies installed.
[1;33m[WARN][0m Picom system config not found; skipping Quickshell opacity override.
[1;33m[WARN][0m Skipping optional desktop extras for recommended profile.
[0;36m[INFO][0m Configuring Qt/GTK dark-mode dependencies...
Nothing to do.
[0;32m[OK][0m Qt/GTK theming dependencies configured.
[0;36m[INFO][0m Installing fonts...
[0;36m[INFO][0m Downloading Meslo Nerd Font v3.4.0...
[0;32m[OK][0m MesloLGS Nerd Font installed.
[0;32m[OK][0m Fonts installed.
[0;32m[OK][0m Preferred terminal already installed: alacritty
[0;32m[OK][0m Display manager already installed: lightdm
[0;36m[INFO][0m Deploying LightDM Slick Greeter config...
make: Entering directory '/home/p7tester/.local/share/dwm-titus/lightdm'
tmp=$(mktemp); \
trap 'rm -f "$tmp"' EXIT; \
make --no-print-directory print-config >"$tmp"; \
if [ -f /etc/lightdm/lightdm.conf ] && ! cmp -s "$tmp" /etc/lightdm/lightdm.conf; then \
	cp -a /etc/lightdm/lightdm.conf /etc/lightdm/lightdm.conf.dwm-titus.$(date +%Y%m%d%H%M%S).bak; \
fi; \
install -Dm644 "$tmp"                           /etc/lightdm/lightdm.conf
install -Dm644 slick-greeter.conf                /etc/lightdm/slick-greeter.conf
install -Dm644 wallpaper.jpg                     /usr/share/pixmaps/dwm-titus.jpg
install -Dm644 ../dwm-titus.png                  /usr/share/pixmaps/dwm-titus-logo.png
make: Leaving directory '/home/p7tester/.local/share/dwm-titus/lightdm'
[0;32m[OK][0m LightDM config deployed.
make[1]: Entering directory '/home/p7tester/.local/share/dwm-titus'
==> Installing Capitaine cursor themes...
make[1]: Leaving directory '/home/p7tester/.local/share/dwm-titus'

==> Installing system files...
==> Installing scripts to PATH...
==> Installing privileged helpers...
==> Installing user files for p7tester...
==> Syncing local repo to data dir...
==> Seeding application config without overwriting user files...
==> Seeding dwm-scoped XDG autostart overrides...
  Seeded dwm-scoped autostart override: light-locker.desktop
  Seeded dwm-scoped autostart override: picom.desktop
  Seeded dwm-scoped autostart override: polkit-mate-authentication-agent-1.desktop
==> Replacing managed Quickshell config...
==> Seeding user config (skipping existing files)...
==> Migrating legacy graphical-session startup...
dbus-daemon[72319]: [session uid=1000 pid=72319 pidfd=5] Activating service name='org.freedesktop.systemd1' requested by ':1.10' (uid=1000 pid=74156 comm="systemctl --user disable dwm-graphical-session.ser" label="system_u:system_r:kernel_generic_helper_t:s0")
dbus-daemon[72319]: [session uid=1000 pid=72319 pidfd=5] Activated service 'org.freedesktop.systemd1' failed: Process org.freedesktop.systemd1 exited with status 1
dbus-daemon[72319]: [session uid=1000 pid=72319 pidfd=5] Activating service name='org.freedesktop.systemd1' requested by ':1.11' (uid=1000 pid=74159 comm="systemctl --user disable wm-graphical-session.serv" label="system_u:system_r:kernel_generic_helper_t:s0")
dbus-daemon[72319]: [session uid=1000 pid=72319 pidfd=5] Activated service 'org.freedesktop.systemd1' failed: Process org.freedesktop.systemd1 exited with status 1
dbus-daemon[72319]: [session uid=1000 pid=72319 pidfd=5] Activating service name='org.freedesktop.systemd1' requested by ':1.12' (uid=1000 pid=74162 comm="systemctl --user show-environment" label="system_u:system_r:kernel_generic_helper_t:s0")
dbus-daemon[72319]: [session uid=1000 pid=72319 pidfd=5] Activated service 'org.freedesktop.systemd1' failed: Process org.freedesktop.systemd1 exited with status 1
==> Installing Meslo font aliases...
==> Fixing executable permissions...

  dwm installed successfully.
  Log out and select 'dwm', or start with: startx

[1;33m[WARN][0m Display setup deferred for non-interactive installation.
[1;33m[WARN][0m Run dwm-display-setup from an X11 session after login.

╔═══════════════════════════════════════════╗
║          Installation Complete!           ║
╚═══════════════════════════════════════════╝

[0;36m[INFO][0m Detected: Fedora Linux 44 (Forty Four)
  • Build configuration: /home/p7tester/.local/share/dwm-titus/config.h
  • Reconfigure by removing config.h and running the installer again
  • Display setup: dwm-display-setup
  • Log out and select 'dwm', or start with: startx
  • Start LightDM now (optional): sudo systemctl start lightdm.service

  SUPER+/   keybind viewer     SUPER+X  terminal
  SUPER+F1  control center     SUPER+R  app launcher
  SUPER+Q   close window

  Full reference: https://dwm.christitus.com/keybinds.html or SUPER+/ in dwm

Created symlink '/etc/systemd/system/multi-user.target.wants/nvidia-persistenced.service' -> '/usr/lib/systemd/system/nvidia-persistenced.service'.
